Current Root Hash: 9138010dd3d5a04034c8fc50fa9891afc988b15e016130930af584dd2e244f06
Entry Hash: 108e9186e8c5677a617ade4871f9361c6e62227db2b9c62c87508f6c46f8d721460b04a31299b382
Entry Index: 3001122590
Current Tree Size: 2879288602
Checkpoint:
rekor.sigstore.dev - 1193050959916656506
2879288602
kTgBDdPVoEA0yPxQ+piRr8mIsV4BYTCTCvWE3S4kTwY=

— rekor.sigstore.dev wNI9ajBFAiArmzhkmcqlgdhAGw50zN+4LMW/PDL6/r/t5OxpRFjNywIhAMMoIptZzTJKnIwqMQWMi67ohTl3Nw0EMA115AsItEeA


Inclusion Proof:
SHA256(0x01 | 108e9186e8c5677a617ade4871f9361c6e62227db2b9c62c87508f6c46f8d721460b04a31299b382 | 887bdafc5365a7d336cb8460bfaf4a82f7c51723fbfc1056f5cd46302a7afa8b) =
	64789fbedb49be7bb8b6231ade919cb01a16537cf79d66e11606a0f5c6fbd9df

SHA256(0x01 | 2d55553729525e2b4fff489259ec75ed5adbbd7a91ffeac011c4bd0be5c10008 | 64789fbedb49be7bb8b6231ade919cb01a16537cf79d66e11606a0f5c6fbd9df) =
	64a7fcc656e33ea7b38fcf2d71a5da6323296dc759c23ef0e00660a864ca30dc

SHA256(0x01 | 12c85dc8725530b66af56bcc9a9c63877f0a67197b1dfb4fe2249f1fbfa1c381 | 64a7fcc656e33ea7b38fcf2d71a5da6323296dc759c23ef0e00660a864ca30dc) =
	555dc34759a43519afa9643eabf4878ea5f5f0a48ec9da776d76b14749192f42

SHA256(0x01 | 3b978c4466d6f08801f989556e586333c1c3b733c326640d85e2d5ae31fec970 | 555dc34759a43519afa9643eabf4878ea5f5f0a48ec9da776d76b14749192f42) =
	bf1c4b234b6693de8a6ec5de6425993728b4184eaeb00cc1b57f09b8ea49dd33

SHA256(0x01 | 104bba612d23ed9d5e5deb384eff6cb8b35af206568a91caf54a6ecb333d2916 | bf1c4b234b6693de8a6ec5de6425993728b4184eaeb00cc1b57f09b8ea49dd33) =
	54766a813cc61c4d07bb2e03d82f069fa18d86a2c70eb2bdc4c8535036c60120

SHA256(0x01 | 54766a813cc61c4d07bb2e03d82f069fa18d86a2c70eb2bdc4c8535036c60120 | 3bdc29739f188b7a2eb820bf94ef843a791200e75be4e5af212abe92f4718963) =
	5403418c4f9012e024f5a564550450d348af5d54755a2dc728bdb8cdd57766c6

SHA256(0x01 | 5403418c4f9012e024f5a564550450d348af5d54755a2dc728bdb8cdd57766c6 | 7b8b0f289bae537b2f561b053b0b528872523a5e1a7deafe0bb9a4f3434814af) =
	454e7bdbcffb65b6eee9d038faf0ef1a843b48408da6b37e6e5ee5752f6d43ea

SHA256(0x01 | 454e7bdbcffb65b6eee9d038faf0ef1a843b48408da6b37e6e5ee5752f6d43ea | b568c656dfdc6cfb7e2bbf44318ce6be77a22523be6074ac6c2fda7e39beabda) =
	fb1d24e6aa17cbe901a6e328ad440fd0897ddd7e79bb8cbb99e67b4909f5011f

SHA256(0x01 | 6f4f13d929c88547b273924acdb6dc1d288881f5583688f5ddda5684172ec064 | fb1d24e6aa17cbe901a6e328ad440fd0897ddd7e79bb8cbb99e67b4909f5011f) =
	96a62af822ca4079fc10244b3988eb4a5017aa0c840424cfd314bf752724744c

SHA256(0x01 | 15e2c7f1f2b6dc2477b64dd7c5b3cdf243774ccb4b2f27b82006caa3c8d864a2 | 96a62af822ca4079fc10244b3988eb4a5017aa0c840424cfd314bf752724744c) =
	f92f08cc14e7228ee83e443c9c424394c44cf7dec5c31e0a882eba1b7ba23d5d

SHA256(0x01 | 2d6eebb0e8ad632924f973b41c991bd48740741d7894cabf4703b9213c6ee308 | f92f08cc14e7228ee83e443c9c424394c44cf7dec5c31e0a882eba1b7ba23d5d) =
	61cfa310a46a237e91a93b66625cd6a37435394903c0339263e2be3b9b8bf720

SHA256(0x01 | c6f683b4b36ad1bafc9e6007f3ddc9c12aec6c5147d0446613324d9710b31ba4 | 61cfa310a46a237e91a93b66625cd6a37435394903c0339263e2be3b9b8bf720) =
	32da337d8d2f8f79b3ff54e927ecb1191de2b681f9c2d5ac22a7ee154b7b16bf

SHA256(0x01 | fd8edba6b0013abc14ace75b2e810f0eeab80dd4ff2a06731ddf9da4d04f4a6a | 32da337d8d2f8f79b3ff54e927ecb1191de2b681f9c2d5ac22a7ee154b7b16bf) =
	df5ab5c14cdf6ac24547219404432e92142756b436a31a261be5a6d20f7d53ba

SHA256(0x01 | 14ef0767427d00e97827d29b9ed12ca814935cc94d196c009bfbc964610f4b65 | df5ab5c14cdf6ac24547219404432e92142756b436a31a261be5a6d20f7d53ba) =
	a30b58251f957e373b4f256cd3505011e21fea894777aaa17b4f42270b5c0946

SHA256(0x01 | 02edbdf1a49652ea62f31fbcb3a02345b7502c3bbccba19cc7702f570e5bfd37 | a30b58251f957e373b4f256cd3505011e21fea894777aaa17b4f42270b5c0946) =
	482fa77842443deba1638090f69194c79f0af2dcb8f662d5826cd6ddf1a7722b

SHA256(0x01 | 482fa77842443deba1638090f69194c79f0af2dcb8f662d5826cd6ddf1a7722b | 714d24d77b081acb67d2fb3431d739cbf7c4207ddf78f2f12d03699fe45d20ee) =
	ebb7ffdafc4d7b6cd237a2e9a52c29741216c60882ddbaa228ab5babcc230103

SHA256(0x01 | d25d0817fce8ce45ed31a7e98d7860d2106e9a9bf45006bf2c74ea38de9d37e6 | ebb7ffdafc4d7b6cd237a2e9a52c29741216c60882ddbaa228ab5babcc230103) =
	a10c19f56191accb79c2bdd9b5b8ed0950d642351f4221f23706ff4b2f1a0662

SHA256(0x01 | a10c19f56191accb79c2bdd9b5b8ed0950d642351f4221f23706ff4b2f1a0662 | b7b0049c4f61876b2584954fd21ed3bee435e6aa925edb77bc549bd78fa67aea) =
	208f93f4eee1b87a3aca7cac1c726952191ce92aa6e087039f118d969848ff99

SHA256(0x01 | 208f93f4eee1b87a3aca7cac1c726952191ce92aa6e087039f118d969848ff99 | 1f2b6e2f962c8de918cdb44b0a5fb8f3ecf1f0f75fca4984d9600edfa4328e4b) =
	790305baae7f0fbe7a3c72192a96074dbf5baf6b7d9ed17863614f5090bffb34

SHA256(0x01 | 790305baae7f0fbe7a3c72192a96074dbf5baf6b7d9ed17863614f5090bffb34 | daf79e99af7081856d59d8864e8d08d623b5ccd2433ea99226686523fed7b28e) =
	bbbecea5285be8960d805916ee55b7f1940df53c6296473e06268f077c6c959f

SHA256(0x01 | bbbecea5285be8960d805916ee55b7f1940df53c6296473e06268f077c6c959f | 1fa56da1efcc6899f549d5a1aec9493c856b00a71fbe815cfa542d70b2a21a57) =
	c8e29b05a54a680edbe3dd91b866b92194a2f6ca39b4bdabcead74537e1392c7

SHA256(0x01 | 9cfe2699efe94a001043ec071081da6bb1074ab212deaee2e38c961f2e0db233 | c8e29b05a54a680edbe3dd91b866b92194a2f6ca39b4bdabcead74537e1392c7) =
	8d6c3679aec26d8333b1fadfb19385bdf72b8e82e34ce0cc07053d8a6c815129

SHA256(0x01 | bdccaa8b037547d7bdfee8edf0c130c6f68347a6706ee257e47f0570258f9401 | 8d6c3679aec26d8333b1fadfb19385bdf72b8e82e34ce0cc07053d8a6c815129) =
	2aef7b655363662be7930e52b97477788eee875168a4cc3422acb3daec9d1269

SHA256(0x01 | 07563dead41a80d927a49f3fb9f34e0c03ca90e8ef04b2c22931092df6e2e6b5 | 2aef7b655363662be7930e52b97477788eee875168a4cc3422acb3daec9d1269) =
	020f9cc0add5dfa4a8d5890a32753edef3c72b6a3e7e975c690d2d828d77f196

SHA256(0x01 | 020f9cc0add5dfa4a8d5890a32753edef3c72b6a3e7e975c690d2d828d77f196 | b6da717744c9a6b394b5bffc59fe43788cf036d530ef64346275c4d8b14c219a) =
	f18c947aeb47ac8b86dd98c9ecfce0687c1609ee7e004932177816329420b1bc

SHA256(0x01 | ab1cc76a7033cf9ed20dd9897b407b6c92bbd8d4c805bc043060412af0ce44ec | f18c947aeb47ac8b86dd98c9ecfce0687c1609ee7e004932177816329420b1bc) =
	094894bbd5edf4b3a65da45da725f472869d213cb43de2e7fc92e28f2fbbf32c

SHA256(0x01 | 094894bbd5edf4b3a65da45da725f472869d213cb43de2e7fc92e28f2fbbf32c | c47fc30ac78b1ebf5e2a8613f2ab0e4592bbcd5744198587b95b6c56b0fde706) =
	6236a6c07068b501a126b060bfebb6113842f7c7e9de2178a6c9041d0c4b826b

