Current Root Hash: afd448c42583b64e1fa80d18b03d69d41457eb16ceb20b36275fcb7a1a839ecb
Entry Hash: 108e9186e8c5677afae2d37cc524aa72aff1071d90c1080ae72225d30b04edd3ba409c6ff9f4c34a
Entry Index: 2998815348
Current Tree Size: 2876921017
Checkpoint:
rekor.sigstore.dev - 1193050959916656506
2876921017
r9RIxCWDtk4fqA0YsD1p1BRX6xbOsgs2J1/LehqDnss=

— rekor.sigstore.dev wNI9ajBEAiA69n9P69czQ0exOvDzySkuzBQil1VFfQu6rnrpq35qwgIgeM0xTzp9cOtOM/JCjO+CPlLp/ixkjaFH4mKBJYBAUbc=


Inclusion Proof:
SHA256(0x01 | 108e9186e8c5677afae2d37cc524aa72aff1071d90c1080ae72225d30b04edd3ba409c6ff9f4c34a | a3bec3fe8346b84b544d4f3873df2292308e16ced426de1f522225569b9b8281) =
	6d42255469d9ad1815c47190478bff12fe19dec06a56180ae5bb4f97fca739cf

SHA256(0x01 | 6d42255469d9ad1815c47190478bff12fe19dec06a56180ae5bb4f97fca739cf | 3c5e77a546a211a0daee06b9e73c898cddd7d13090b47d23773f83cff4c4efa2) =
	ffc17d33cbd9c23e6b878bd0acf3fcb0e5e75cc334648cb2c875a4d623643a97

SHA256(0x01 | 8b623767276f0b4de6da1356335aaec1260dde767675621b7b27bed8449d223e | ffc17d33cbd9c23e6b878bd0acf3fcb0e5e75cc334648cb2c875a4d623643a97) =
	b6ff5b6b030d391be4fb061f6d07ba6c3fecbe7645f8a0b66de5fcdfaf5cbc58

SHA256(0x01 | b6ff5b6b030d391be4fb061f6d07ba6c3fecbe7645f8a0b66de5fcdfaf5cbc58 | 7e2f3dd8918d65b5f5a3833492fe2b0537987e0e591f337b650b154c5cc8474d) =
	562e1d5f6356c359d620248e6cbaa08a422343840104f9312a90fe3a204c49e5

SHA256(0x01 | b7c38a4b5ffe3577439e52ab766713ec88adc0e4392b140574e1340b450db350 | 562e1d5f6356c359d620248e6cbaa08a422343840104f9312a90fe3a204c49e5) =
	f6d26424392653b0142e7af3c63a20fd78818f6b78deb9007ec4f15f4aa843a5

SHA256(0x01 | 6837bea98e53e50647a847cefb65a9213b8040adcb09f1056d60818bce2a4700 | f6d26424392653b0142e7af3c63a20fd78818f6b78deb9007ec4f15f4aa843a5) =
	4edd8120e2a36f0f447100f7e55456a9faafbb5237938d9dcd2aa88ce8003ce9

SHA256(0x01 | 2d9bc8467ac06f6ad40c30c3f60236cade5f2fbc85b1de7a8b301e97eeed62ed | 4edd8120e2a36f0f447100f7e55456a9faafbb5237938d9dcd2aa88ce8003ce9) =
	abb4e1b29d594e746138da5032c1066728f507c73ed15713d801cf9569e5f394

SHA256(0x01 | abb4e1b29d594e746138da5032c1066728f507c73ed15713d801cf9569e5f394 | bad4c7a5de3b8707af497aea0cfc2ac8b3af4c28bb0ec8b8875fc6b1f05db62a) =
	8c76b726eb31b203e311107c6d5316c815c31bfe9164dd2295cd439e6c3c2634

SHA256(0x01 | 8c76b726eb31b203e311107c6d5316c815c31bfe9164dd2295cd439e6c3c2634 | 0829c42ea881e7f7ee25347ceb79bfc0f9ad4c808fa07daa0676b79d6d1e719b) =
	af27b0f8577df70d8798fe88ce2204d4383f39171d52e321d5f567e299d25fb8

SHA256(0x01 | a27350cef06627422bc0990c10396f44848076e36bcecb3f6f1bc68441f6d683 | af27b0f8577df70d8798fe88ce2204d4383f39171d52e321d5f567e299d25fb8) =
	a5860bd0bdd4068c6c9cba6dce67081c48b650b2a081c24816716794b57a8cfc

SHA256(0x01 | a5860bd0bdd4068c6c9cba6dce67081c48b650b2a081c24816716794b57a8cfc | ab23edb684aba6f146a2d00583d21c53a3a2d8bc505261045d2ae8bf457f0984) =
	8a1e0abe6f5f086b1522f1e3f6efe1a19fa4deabc520fa9e9b1f22749089cd82

SHA256(0x01 | 6ba4e015c4a891218ca2fbf5d5dc6a9d83477ed5a61cd77b4e8605024ed0099b | 8a1e0abe6f5f086b1522f1e3f6efe1a19fa4deabc520fa9e9b1f22749089cd82) =
	e033628352207d64f33770a6b0bbd02ab717fea4e25d268438160eae1224fa9a

SHA256(0x01 | e033628352207d64f33770a6b0bbd02ab717fea4e25d268438160eae1224fa9a | 23ebf95ca985fc5d2d8ada8a9daf2041c84e24023c1ea96909eee5295ccb84b5) =
	cf4d282ec67f45aee2a06c513f54ca111b6d00351585b4a28b697458226f3985

SHA256(0x01 | cf4d282ec67f45aee2a06c513f54ca111b6d00351585b4a28b697458226f3985 | 29a64936da7de2f410a28dc27f91d73575909a5774621f1a0d178a427b577b5a) =
	d3a5daba6d9bc4011e86de520fd134eeb3bf7468ce71fd212c178a964009ee49

SHA256(0x01 | cf2a46349c39fff5d9648b8f22c169b44e7f9a71a77ff8b464150a46ea9e45d7 | d3a5daba6d9bc4011e86de520fd134eeb3bf7468ce71fd212c178a964009ee49) =
	e9d1ea0302fd096f0c08113b3150693291c2d1d8fd655d54ef6e126245836f50

SHA256(0x01 | e9d1ea0302fd096f0c08113b3150693291c2d1d8fd655d54ef6e126245836f50 | d8980de228815cb2b5f58a8cc354d310a7dfce70b63f88156909799c06c7e3b8) =
	2424a4be188d28203c8f0ee1bd55794b0841d228a90498eb797b70bb814c8871

SHA256(0x01 | 2424a4be188d28203c8f0ee1bd55794b0841d228a90498eb797b70bb814c8871 | d8ba9265f9d4c860b1c4e64d709885fdba7e1ca231c566d6b190835918110396) =
	5c7446457f4dbc3f843b2ee4127d0c56741c6283523830ae3aeb692bcb4ec0ac

SHA256(0x01 | 834191e50b7f4ed494e46d5cadc0ee16b89205d6e6168440dfb637f7268b7db8 | 5c7446457f4dbc3f843b2ee4127d0c56741c6283523830ae3aeb692bcb4ec0ac) =
	e1fee1ab8b839ebb4948ada35a839c8bbb07446dfd0bdc97ff4ae608293586e6

SHA256(0x01 | f548df02d8473667a0b62cf5213b6dbb953f41d73338650573498c54d46d5111 | e1fee1ab8b839ebb4948ada35a839c8bbb07446dfd0bdc97ff4ae608293586e6) =
	48e2a3a35eebd46ece3fb1a4224338774c95f5aa136c9d9107741e042289c31c

SHA256(0x01 | 460ba6abc9a6731c093b4344ab481de46f6848e4741febb73ce085099c3f2dc6 | 48e2a3a35eebd46ece3fb1a4224338774c95f5aa136c9d9107741e042289c31c) =
	88e82ea3c016994175f6f6383a3103717ac24dfb61f9767de5b4acdfe1a7d819

SHA256(0x01 | bdccaa8b037547d7bdfee8edf0c130c6f68347a6706ee257e47f0570258f9401 | 88e82ea3c016994175f6f6383a3103717ac24dfb61f9767de5b4acdfe1a7d819) =
	815f96b668bb669e035bb2f1680eb7342d962494b732427018c6cecb1f132828

SHA256(0x01 | 07563dead41a80d927a49f3fb9f34e0c03ca90e8ef04b2c22931092df6e2e6b5 | 815f96b668bb669e035bb2f1680eb7342d962494b732427018c6cecb1f132828) =
	45cc24143db2849fa5eb5bafa28bb0e6adad7e2a5567a3c6c3d9da6b11f262ef

SHA256(0x01 | 45cc24143db2849fa5eb5bafa28bb0e6adad7e2a5567a3c6c3d9da6b11f262ef | b6da717744c9a6b394b5bffc59fe43788cf036d530ef64346275c4d8b14c219a) =
	9c72589aab46fcf4e58d80ee2e4f8bccb78396d79bbbcbc686e270c5db01f6d2

SHA256(0x01 | ab1cc76a7033cf9ed20dd9897b407b6c92bbd8d4c805bc043060412af0ce44ec | 9c72589aab46fcf4e58d80ee2e4f8bccb78396d79bbbcbc686e270c5db01f6d2) =
	02a06103ff22f1dd576f4b150fbd65930f031a2d69dcca04eb6069c9ec1401df

SHA256(0x01 | 02a06103ff22f1dd576f4b150fbd65930f031a2d69dcca04eb6069c9ec1401df | c47fc30ac78b1ebf5e2a8613f2ab0e4592bbcd5744198587b95b6c56b0fde706) =
	7121e65864813dcc3347a1f130b09d933f6c6d25f17a496c1a3554761f4216ff

